[INFO] Scanning for projects...
[INFO] 
[INFO] -------------------< com.fpt.glasseshop:glasseshop >--------------------
[INFO] Building swp-glasseshop 0.0.1-SNAPSHOT
[INFO]   from pom.xml
[INFO] --------------------------------[ jar ]---------------------------------
[INFO] 
[INFO] --- clean:3.5.0:clean (default-clean) @ glasseshop ---
[INFO] Deleting C:\SWP\SWP302_NHOM5_5\target
[INFO] 
[INFO] --- resources:3.3.1:resources (default-resources) @ glasseshop ---
[INFO] Copying 1 resource from src\main\resources to target\classes
[INFO] Copying 7 resources from src\main\resources to target\classes
[INFO] 
[INFO] --- compiler:3.14.1:compile (default-compile) @ glasseshop ---
[INFO] Recompiling the module because of changed source code.
[INFO] Compiling 75 source files with javac [debug parameters release 25] to target\classes
.\mvnw : WARNING: A terminally deprecated method in sun.misc.Unsafe has been called
At line:1 char:55
+ ... .jdks\openjdk-25.0.2"; .\mvnw clean compile > compile_output.txt 2>&1
+                            ~~~~~~~~~~~~~~~~~~~~~~~~~~~~~~~~~~~~~~~~~~~~~~
    + CategoryInfo          : NotSpecified: (WARNING: A term...has been called:String) [], RemoteException
    + FullyQualifiedErrorId : NativeCommandError
 
WARNING: sun.misc.Unsafe::objectFieldOffset has been called by lombok.permit.Permit
WARNING: Please consider reporting this to the maintainers of class lombok.permit.Permit
WARNING: sun.misc.Unsafe::objectFieldOffset will be removed in a future release
[INFO] ------------------------------------------------------------------------
[INFO] BUILD SUCCESS
[INFO] ------------------------------------------------------------------------
[INFO] Total time:  5.625 s
[INFO] Finished at: 2026-02-22T15:00:44+07:00
[INFO] ------------------------------------------------------------------------
